
> rest-express@1.0.0 build
> next build

   Ôû▓ Next.js 16.0.3 (Turbopack)
   - Environments: .env

node.exe :  ÔÜá The "middleware" 
file convention is deprecated. 
Please use "proxy" instead. Learn 
more: https://nextjs.org/docs/messa
ges/middleware-to-proxy
No C:\Program 
Files\nodejs\npm.ps1:29 caractere:3
+   & $NODE_EXE $NPM_CLI_JS $args
+   ~~~~~~~~~~~~~~~~~~~~~~~~~~~~~
    + CategoryInfo          : NotS 
   pecified: ( ÔÜá The "middl...l  
  eware-to-proxy:String) [], Rem   
 oteException
    + FullyQualifiedErrorId : Nati 
   veCommandError
 
   Creating an optimized production build ...
Browserslist: browsers data 
(caniuse-lite) is 13 months old. 
Please run:
  npx update-browserslist-db@latest
  Why you should do it regularly: h
ttps://github.com/browserslist/upda
te-db#readme

> Build error occurred
Error: Turbopack build failed with 
1 errors:
./src/app/faq/page.tsx:2:1
Module not found: Can't resolve 
'@/components/ui/accordion'
[0m [90m 1 |[39m 
[36mimport[39m { 
[33mCard[39m[33m,[39m 
[33mCardContent[39m[33m,[39m 
[33mCardHeader[39m[33m,[39m 
[33mCardTitle[39m } 
[36mfrom[39m [32m"@/components/u
i/card"[39m[33m;[39m
[31m[1m>[22m[39m[90m 2 |[39m 
[36mimport[39m { 
[33mAccordion[39m[33m,[39m [33
mAccordionContent[39m[33m,[39m 
[33mAccordionItem[39m[33m,[39m 
[33mAccordionTrigger[39m } 
[36mfrom[39m [32m"@/components/u
i/accordion"[39m[33m;[39m
 [90m   |[39m [31m[1m^[22m[39
m[31m[1m^[22m[39m[31m[1m^[22
m[39m[31m[1m^[22m[39m[31m[1m
^[22m[39m[31m[1m^[22m[39m[31
m[1m^[22m[39m[31m[1m^[22m[39
m[31m[1m^[22m[39m[31m[1m^[22
m[39m[31m[1m^[22m[39m[31m[1m
^[22m[39m[31m[1m^[22m[39m[31
m[1m^[22m[39m[31m[1m^[22m[39
m[31m[1m^[22m[39m[31m[1m^[22
m[39m[31m[1m^[22m[39m[31m[1m
^[22m[39m[31m[1m^[22m[39m[31
m[1m^[22m[39m[31m[1m^[22m[39
m[31m[1m^[22m[39m[31m[1m^[22
m[39m[31m[1m^[22m[39m[31m[1m
^[22m[39m[31m[1m^[22m[39m[31
m[1m^[22m[39m[31m[1m^[22m[39
m[31m[1m^[22m[39m[31m[1m^[22
m[39m[31m[1m^[22m[39m[31m[1m
^[22m[39m[31m[1m^[22m[39m[31
m[1m^[22m[39m[31m[1m^[22m[39
m[31m[1m^[22m[39m[31m[1m^[22
m[39m[31m[1m^[22m[39m[31m[1m
^[22m[39m[31m[1m^[22m[39m[31
m[1m^[22m[39m[31m[1m^[22m[39
m[31m[1m^[22m[39m[31m[1m^[22
m[39m[31m[1m^[22m[39m[31m[1m
^[22m[39m[31m[1m^[22m[39m[31
m[1m^[22m[39m[31m[1m^[22m[39
m[31m[1m^[22m[39m[31m[1m^[22
m[39m[31m[1m^[22m[39m[31m[1m
^[22m[39m[31m[1m^[22m[39m[31
m[1m^[22m[39m[31m[1m^[22m[39
m[31m[1m^[22m[39m[31m[1m^[22
m[39m[31m[1m^[22m[39m[31m[1m
^[22m[39m[31m[1m^[22m[39m[31
m[1m^[22m[39m[31m[1m^[22m[39
m[31m[1m^[22m[39m[31m[1m^[22
m[39m[31m[1m^[22m[39m[31m[1m
^[22m[39m[31m[1m^[22m[39m[31
m[1m^[22m[39m[31m[1m^[22m[39
m[31m[1m^[22m[39m[31m[1m^[22
m[39m[31m[1m^[22m[39m[31m[1m
^[22m[39m[31m[1m^[22m[39m[31
m[1m^[22m[39m[31m[1m^[22m[39
m[31m[1m^[22m[39m[31m[1m^[22
m[39m[31m[1m^[22m[39m[31m[1m
^[22m[39m[31m[1m^[22m[39m[31
m[1m^[22m[39m[31m[1m^[22m[39
m[31m[1m^[22m[39m[31m[1m^[22
m[39m[31m[1m^[22m[39m[31m[1m
^[22m[39m[31m[1m^[22m[39m[31
m[1m^[22m[39m[31m[1m^[22m[39
m[31m[1m^[22m[39m[31m[1m^[22
m[39m[31m[1m^[22m[39m[31m[1m
^[22m[39m[31m[1m^[22m[39m[31
m[1m^[22m[39m[31m[1m^[22m[39
m[31m[1m^[22m[39m[31m[1m^[22
m[39m[31m[1m^[22m[39m[31m[1m
^[22m[39m[31m[1m^[22m[39m[31
m[1m^[22m[39m
 [90m 3 |[39m
 [90m 4 |[39m [36mexport[39m 
[36mdefault[39m 
[36mfunction[39m 
[33mFAQPage[39m() {
 [90m 5 |[39m     
[36mreturn[39m ([0m

Import map: aliased to relative 
'./src/components/ui/accordion' 
inside of [project]/


https://nextjs.org/docs/messages/mo
dule-not-found


    at <unknown> 
(./src/app/faq/page.tsx:2:1)
    at <unknown> (https://nextjs.or
g/docs/messages/module-not-found)
