
Running 2 tests using 2 workers

[1A[2K[1/2] [chromium] ÔÇ║ e2e\auth.spec.ts:8:1 ÔÇ║ login page has form elements
[1A[2K[2/2] [chromium] ÔÇ║ e2e\auth.spec.ts:3:1 ÔÇ║ has title
[1A[2K  1) [chromium] ÔÇ║ e2e\auth.spec.ts:3:1 ÔÇ║ has title ÔöÇÔöÇÔöÇÔöÇÔöÇÔöÇÔöÇÔöÇÔöÇÔöÇÔöÇÔöÇÔöÇÔöÇÔöÇÔöÇÔöÇÔöÇÔöÇÔöÇÔöÇÔöÇÔöÇÔöÇÔöÇÔöÇÔöÇÔöÇÔöÇÔöÇÔöÇÔöÇÔöÇÔöÇÔöÇÔöÇÔöÇÔöÇÔöÇÔöÇÔöÇÔöÇÔöÇÔöÇÔöÇÔöÇÔöÇÔöÇÔöÇ

    Error: [2mexpect([22m[31mpage[39m[2m).[22mtoHaveTitle[2m([22m[32mexpected[39m[2m)[22m failed

    Expected pattern: [32m/Ragnarok TradeHub/[39m
    Received string:  [31m"Ragnarok Trade Hub"[39m
    Timeout: 5000ms

    Call log:
    [2m  - Expect "toHaveTitle" with timeout 5000ms[22m
    [2m    9 ├ù unexpected value "Ragnarok Trade Hub"[22m


      3 | test('has title', async ({ page }) => {
      4 |     await page.goto('/login');
    > 5 |     await expect(page).toHaveTitle(/Ragnarok TradeHub/);
        |                        ^
      6 | });
      7 |
      8 | test('login page has form elements', async ({ page }) => {
        at E:\RMT\RagnarokTradeHub\e2e\auth.spec.ts:5:24

    Error Context: test-results\auth-has-title-chromium\error-context.md


[1A[2K  2) [chromium] ÔÇ║ e2e\auth.spec.ts:8:1 ÔÇ║ login page has form elements ÔöÇÔöÇÔöÇÔöÇÔöÇÔöÇÔöÇÔöÇÔöÇÔöÇÔöÇÔöÇÔöÇÔöÇÔöÇÔöÇÔöÇÔöÇÔöÇÔöÇÔöÇÔöÇÔöÇÔöÇÔöÇÔöÇÔöÇÔöÇÔöÇÔöÇ

    Error: [2mexpect([22m[31mlocator[39m[2m).[22mtoBeVisible[2m([22m[2m)[22m failed

    Locator: getByRole('button', { name: 'Sign in', exact: true })
    Expected: visible
    Timeout: 5000ms
    Error: element(s) not found

    Call log:
    [2m  - Expect "toBeVisible" with timeout 5000ms[22m
    [2m  - waiting for getByRole('button', { name: 'Sign in', exact: true })[22m


      12 |     await expect(page.getByLabel('Email')).toBeVisible();
      13 |     await expect(page.getByLabel('Password')).toBeVisible();
    > 14 |     await expect(page.getByRole('button', { name: 'Sign in', exact: true })).toBeVisible();
         |                                                                              ^
      15 | });
      16 |
        at E:\RMT\RagnarokTradeHub\e2e\auth.spec.ts:14:78

    Error Context: test-results\auth-login-page-has-form-elements-chromium\error-context.md


[1A[2K  2 failed
    [chromium] ÔÇ║ e2e\auth.spec.ts:3:1 ÔÇ║ has title ÔöÇÔöÇÔöÇÔöÇÔöÇÔöÇÔöÇÔöÇÔöÇÔöÇÔöÇÔöÇÔöÇÔöÇÔöÇÔöÇÔöÇÔöÇÔöÇÔöÇÔöÇÔöÇÔöÇÔöÇÔöÇÔöÇÔöÇÔöÇÔöÇÔöÇÔöÇÔöÇÔöÇÔöÇÔöÇÔöÇÔöÇÔöÇÔöÇÔöÇÔöÇÔöÇÔöÇÔöÇÔöÇÔöÇÔöÇÔöÇÔöÇÔöÇ
    [chromium] ÔÇ║ e2e\auth.spec.ts:8:1 ÔÇ║ login page has form elements ÔöÇÔöÇÔöÇÔöÇÔöÇÔöÇÔöÇÔöÇÔöÇÔöÇÔöÇÔöÇÔöÇÔöÇÔöÇÔöÇÔöÇÔöÇÔöÇÔöÇÔöÇÔöÇÔöÇÔöÇÔöÇÔöÇÔöÇÔöÇÔöÇÔöÇÔöÇ

[36m  Serving HTML report at http://localhost:19968. Press Ctrl+C to quit.[39m
